# 도커/쿠버네티스 2일차

>p.
>
>______
>
>도커/쿠버네티스를 활용한 컨테이너 개발 실전 입문
>
>현장에서 바로 활용할 수 있는 컨테이너 개발 기법과 실전 기술



## 1시-2시

```powershell
# 도커파일 수정하는 방법
방법 1.build
방법 2. container에서 수정 
방법 3. 윈도우에서 수정한 후 컨테이너에 반영되도록 한다.
```

#### volume mount : docker 공유 폴더

> p. 101

1) 컨테이너 업데이트

	(1) pull : 새 버전의 이미지 다운
	
	(2) stop, rm:기존 컨테이너 삭제
	
	(3) run : 새 이미지를 이용하여 새 컨테이너 실행

2) 컨테이너 유저 정보

	(1) AWS : S3
	
	(2) 데이터 볼륨



## 2시-3시

1. 아래의 Dockerfile 성능을 개선할 수 있는 방법이 있는가?

``` dockerfile
FROM node:alpine

WORKDIR /home/node
COPY ./package.json ./package.json
COPY ./index.js ./index.js

RUN npm install
CMD ["npm","start"]
```

1 - 해결법

```powershell
변경될 수 있는 부분은 변경하자
옮겨둘 수 있는 부분은 옮겨두자
RUN npm install
1. 기존 container 정지 및 삭제
PS C:\Users\HPE\docker\day01\simpleweb> docker ps -a
CONTAINER ID        IMAGE                         COMMAND                  CREATED             STATUS              PORTS                    NAMES
37ca41d72ab8        yuchan0315/simpleweb:latest   "docker-entrypoint.s…"   26 minutes ago      Up 26 minutes       0.0.0.0:9000->8080/tcp   clever_shannon

PS C:\Users\HPE\docker\day01\simpleweb> docker stop 37ca41d72ab8
37ca41d72ab8

PS C:\Users\HPE\docker\day01\simpleweb> docker rm 37ca41d72ab8
37ca41d72ab8

2. 새 이미지 생성
# 이미지가 새로 변경되었다고 가정하자
PS C:\Users\HPE\docker\day01\simpleweb> docker build -t yuchan0315/simpleweb:modified .
Sending build context to Docker daemon   2.01MB
Step 1/6 : FROM node:alpine
 ---> e1495e4ac50d
Step 2/6 : WORKDIR /home/node
 ---> Running in 27b7f0db1f10
Removing intermediate container 27b7f0db1f10
 ---> aac120f3d67a
Step 3/6 : COPY ./package.json ./package.json
 ---> 4a367d97ac0a
Step 4/6 : COPY ./index.js ./index.js
 ---> 46a3a6cabf6a
Step 5/6 : RUN npm install
 ---> Running in 78faca689d85
npm notice created a lockfile as package-lock.json. You should commit this file.
npm WARN node No description
npm WARN node No repository field.
npm WARN node No license field.

added 50 packages from 37 contributors and audited 126 packages in 2.795s
found 0 vulnerabilities

Removing intermediate container 78faca689d85
 ---> e6516a97941f
Step 6/6 : CMD ["npm","start"]
 ---> Running in e75007501574
Removing intermediate container e75007501574
 ---> 0fa5e7d3c5b5
Successfully built 0fa5e7d3c5b5
Successfully tagged yuchan0315/simpleweb:modified
SECURITY WARNING: You are building a Docker image from Windows against a non-Windows Docker host. All files and directories added to build context will have '-rwxr-xr-x' permissions. It is recommended to double check and reset permissions for sensitive files and directories.

3. volume mount 
# docker run -v 호스트 경로:container 경로 -d -p 포트번호 이미지:태그
PS C:\Users\HPE\docker\day01\simpleweb> docker run -v C:\Users\HPE\docker\day01\simpleweb:/home/node -d -p 8080:8080
yuchan0315/simpleweb:modified
2c6c10cd66be560002f9edca161cddabbb4d70e6b72c5d5f43bd5f4d40662c1c
PS C:\Users\HPE\docker\day01\simpleweb> docker ps -a
CONTAINER ID        IMAGE                           COMMAND                  CREATED              STATUS              PORTS                    NAMES
2c6c10cd66be        yuchan0315/simpleweb:modified   "docker-entrypoint.s…"   About a minute ago   Up About a minute   0.0.0.0:8080->8080/tcp   vibrant_chatterjee
PS C:\Users\HPE\docker\day01\simpleweb> docker exec -it 2c6c10cd66be sh
/home/node # cat index.js
const express = require('express');
const app = express();

app.get('/',(req,res) => {
    res.send('hello World!'); ## 정상적으로 바뀐 모습을 확인할 수 있다.
});


app.listen(8080,() => {
    console.log('Listening on port 8080');
});
```



#### 데이터 볼륨에 MYSQL 데이터 저장하기

> p.104-

1. Dockerfile 생성

``` dockerfile
FROM busybox
VOLUME /var/lib/mysql
CMD ["bin/true"]

#busybox
최소한의 운영체제 기능만 제공하는 경량 운영 체제
```

2. powershell에서 docker 작업

``` powershell
1.
PS C:\Users\HPE\docker\day02\vd> docker build -t example/mysql-data:latest .
Sending build context to Docker daemon  2.048kB
Step 1/3 : FROM busybox
latest: Pulling from library/busybox
bdbbaa22dec6: Pull complete
Digest: sha256:6915be4043561d64e0ab0f8f098dc2ac48e077fe23f488ac24b665166898115a
Status: Downloaded newer image for busybox:latest
 ---> 6d5fcfe5ff17
Step 2/3 : VOLUME /var/lib/mysql
 ---> Running in ebba74c2a8ff
Removing intermediate container ebba74c2a8ff
 ---> 3916acc8340d
Step 3/3 : CMD ["bin/true"]
 ---> Running in 90a0ed8790a0
Removing intermediate container 90a0ed8790a0
 ---> c2e747cb546f
Successfully built c2e747cb546f
Successfully tagged example/mysql-data:latest
SECURITY WARNING: You are building a Docker image from Windows against a non-Windows Docker host. All files and directories added to build context will have '-rwxr-xr-x' permissions. It is recommended to double check and reset permissions for sensitive files and directories.

2. run and ps
PS C:\Users\HPE\docker\day02\vd> docker run -d --name mysql-data example/mysql-data:latest
b1851f56c28ed29f717a955217f876312a59556b2cc798c4517961466dc7b1ec
PS C:\Users\HPE\docker\day02\vd> docker container ls
CONTAINER ID        IMAGE                           COMMAND                  CREATED             STATUS              PORTS                    NAMES
2c6c10cd66be        yuchan0315/simpleweb:modified   "docker-entrypoint.s…"   17 minutes ago      Up 14 minutes       0.0.0.0:8080->8080/tcp   vibrant_chatterjee

3. mysql-data를 MYSQL 컨테이너에 마운트
PS C:\Users\HPE\docker\day02\vd> docker container run -d --rm --name mysql -e "MYSQL_ALLOW_EMPTY_PASSWORD=yes" -e "MY
SQL_DATABASE=volume_test" -e "MYSQL_USER=example" -e "MYSQL_PASSWORD=example" --volumes-from mysql-data `mysql:5.7
59665a71ab1b199483d67e79a3230c4204b0db5f27d09a7e43c535d67f71b3d5

## powershell에서는 \ 마크대신에 ` 마크를 입력해준다.
PS C:\Users\HPE\docker\day02\vd> docker container ls
CONTAINER ID        IMAGE                           COMMAND                  CREATED             STATUS              PORTS                    NAMES
59665a71ab1b        mysql:5.7                       "docker-entrypoint.s…"   37 seconds ago      Up 35 seconds       3306/tcp, 33060/tcp      mysql
2c6c10cd66be        yuchan0315/simpleweb:modified   "docker-entrypoint.s…"   26 minutes ago      Up 22 minutes       0.0.0.0:8080->8080/tcp   vibrant_chatterjee

4. mysql 접속확인
1) bash 사용시
PS C:\Users\HPE\docker\day02\vd> docker exec -it mysql bash
root@59665a71ab1b:/# mysql -uroot -p volume_test

2) bash 미사용시
PS C:\Users\HPE\docker\day02\vd> docker exec -it mysql mysql -uroot -p volume_test

## 위 명령어의 결과 값은 같다.
Enter password:
Welcome to the MySQL monitor.  Commands end with ; or \g.
Your MySQL connection id is 2
Server version: 5.7.28 MySQL Community Server (GPL)

Copyright (c) 2000, 2019, Oracle and/or its affiliates. All rights reserved.

Oracle is a registered trademark of Oracle Corporation and/or its
affiliates. Other names may be trademarks of their respective
owners.

Type 'help;' or '\h' for help. Type '\c' to clear the current input statement.

mysql>

5. mysql 샘플 데이터 생성
mysql> create table user(id int primary key auto_increment, name varchar(20));
Query OK, 0 rows affected (0.35 sec)

mysql> insert into user (name) values('gihyo'),('docker'),
    -> ('solomon hykes');
Query OK, 3 rows affected (0.07 sec)
Records: 3  Duplicates: 0  Warnings: 0

6. mysql 정지
mysql> exit
Bye
PS C:\Users\HPE\docker\day02\vd> docker container ls
CONTAINER ID        IMAGE                           COMMAND                  CREATED             STATUS              PORTS                    NAMES
59665a71ab1b        mysql:5.7                       "docker-entrypoint.s…"   11 minutes ago      Up 11 minutes       3306/tcp, 33060/tcp      mysql
2c6c10cd66be        yuchan0315/simpleweb:modified   "docker-entrypoint.s…"   36 minutes ago      Up 33 minutes       0.0.0.0:8080->8080/tcp   vibrant_chatterjee
PS C:\Users\HPE\docker\day02\vd> docker container stop mysql
mysql

7. 새로운 컨테이너 실행 후 mysql 데이터 확인
PS C:\Users\HPE\docker\day02\vd> docker container run -d --rm --name mysql -e "MYSQL_ALLOW_EMPTY_PASSWORD=yes" -e "MY
SQL_DATABASE=volume_test" -e "MYSQL_USER=example" -e "MYSQL_PASSWORD=example" --volumes-from mysql-data `mysql:5.7
b6b10958b7525fc8db32d8f692c505deb72aca944d6211bc68ce4bebb118c388
PS C:\Users\HPE\docker\day02\vd> docker container exec -it mysql mysql -uroot -p volume_test
Enter password:
Reading table information for completion of table and column names
You can turn off this feature to get a quicker startup with -A

Welcome to the MySQL monitor.  Commands end with ; or \g.
Your MySQL connection id is 2
Server version: 5.7.28 MySQL Community Server (GPL)

Copyright (c) 2000, 2019, Oracle and/or its affiliates. All rights reserved.

Oracle is a registered trademark of Oracle Corporation and/or its
affiliates. Other names may be trademarks of their respective
owners.

Type 'help;' or '\h' for help. Type '\c' to clear the current input statement.

mysql> select * from user;
+----+---------------+
| id | name          |
+----+---------------+
|  1 | gihyo         |
|  2 | docker        |
|  3 | solomon hykes |
+----+---------------+
3 rows in set (0.00 sec)

mysql>

```



## 3-6시 

> docker compose p 76 -

* docker compose : yaml 포맷으로 기술된 설정 파일로, 여러 컨테이너의 실행을 한 번에 관리할 수 있게 해준다.

1) Dockerfile과 docker 문법 비교

```dockerfile
version: "3"
services:
	echo:
		images: example/echo:latest
		ports:
			-9000:8080
```

```powershell
$ docker run -d -p 9000:8080 example/echo:latest
```

2) docker compose 실습예제

(1) yaml 파일 생성

``` yaml
version: '3'
services: 
    mysql1:
        image: mysql:5.7
        ports:
            - '13306:3306'
        environment:
            - MYSQL_ALLOW_EMPTY_PASSWORD=true
    mysql2:
        image: mysql:5.7
        ports:
            - '23306:3306'
        environment:
            - MYSQL_ALLOW_EMPTY_PASSWORD=true


## docker run -p 13306:3306 --name mysql1 mysql:5.7
## docker run -p 23306:3306 --name mysql2 mysql:5.7
```

(2) docker-compose up

```powershell
1번 powershell
PS C:\Users\HPE\docker\day02\vd> docker-compose up
Creating network "vd_default" with the default driver
Creating vd_mysql2_1 ... done
Creating vd_mysql1_1 ... done
...중략
2번 powershell
PS C:\Users\HPE\docker\day02\vd> docker container ls
CONTAINER ID        IMAGE                           COMMAND                  CREATED              STATUS              PORTS                                NAMES
f70cb084883b        mysql:5.7                       "docker-entrypoint.s…"   About a minute ago   Up About a minute   33060/tcp, 0.0.0.0:13306->3306/tcp   vd_mysql1_1
0108dc14faf2        mysql:5.7                       "docker-entrypoint.s…"   About a minute ago   Up About a minute   33060/tcp, 0.0.0.0:23306->3306/tcp   vd_mysql2_1


```

(3) docker-compose down

```powershell
PS C:\Users\HPE\docker\day02\vd> docker-compose down
Stopping vd_mysql1_1 ... done
Stopping vd_mysql2_1 ... done
Removing vd_mysql1_1 ... done
Removing vd_mysql2_1 ... done
Removing network vd_default
PS C:\Users\HPE\docker\day02\vd>

## docker-compose down 명령어를 통해 해당 컨테이너가 중지되고 삭제되는 것을 확인할 수 있다.
```



3) docker-compose 예제

```powershell
목표 : 해당 디렉토리의 파일을 docker-compose로 실행하기

PS C:\Users\HPE\docker\day01\simpleweb> ls


    디렉터리: C:\Users\HPE\docker\day01\simpleweb


Mode                LastWriteTime         Length Name
----                -------------         ------ ----
d-----     2020-01-07   오후 1:59                node_modules
-a----     2020-01-08   오후 2:12            209 Dockerfile
-a----     2020-01-08   오후 2:12            205 index.js
-a----     2020-01-07   오후 1:59          16804 package-lock.json
-a----     2020-01-07   오후 1:59            120 package.json
-a----     2020-01-08   오후 2:23              0 test_volume

```

(1) Dockerfile 생성

```dockerfile
version: '3'
services:
    simpleweb:
        image: yuchan0315/simpleweb:latest
        ports:
            - 18080:8080
```

(2) docker-compose up

```powershell
PS C:\Users\HPE\docker\day01\simpleweb> docker-compose up
Recreating simpleweb_simpleweb_1 ... done
Attaching to simpleweb_simpleweb_1
simpleweb_1  |
simpleweb_1  | > @ start /
simpleweb_1  | > node index.js
simpleweb_1  |
simpleweb_1  | Listening on port 8080
```





4) docker-compose 실습 : docker compose로 mongodb 설치

```powershell
목표
1. mongodb를 docker container로 실행
2. mongodb설치를 위한 이미지를 생성하는 Dockerfile 작성 
3. Dockerfile의 Image build : yuchan0315/mymongdb:latest
4. mongodb container 생성 후 실행
5. client에서 mongodb 테스트
	1) $ mongo -h 'ip' -p 'port'
	mongo> show dbs;
	mongo> use bookstore;
	mongo> db.books.save('{"title":"Docker compose sample"}');
	mongo> db.books.find();
```

(1) Dockerfile 작성

```powershell
PS C:\Users\HPE\docker\day02> mkdir mongo


    디렉터리: C:\Users\HPE\docker\day02


Mode                LastWriteTime         Length Name
----                -------------         ------ ----
d-----     2020-01-08   오후 4:40                mongo


PS C:\Users\HPE\docker\day02> cd mongo
PS C:\Users\HPE\docker\day02\mongo> code .
```

작업을 수행할 디렉터리 생성후 Dockerfile 작성을 위해 코드를 연다.

```dockerfile
FROM mongo
#WORKDIR
#RUN 
CMD ["mongod"]
```

코드를 작성한 후 해당 코드가 정상적으로 작동되는지 확인해 본다.

(2) Dockerfile의 image build

```powershell
PS C:\Users\HPE\docker\day02\mongo> docker build -t yuchan0315/mymongdb .
Sending build context to Docker daemon  2.048kB
Step 1/2 : FROM mongo
latest: Pulling from library/mongo
2746a4a261c9: Pull complete
4c1d20cdee96: Pull complete
0d3160e1d0de: Pull complete
c8e37668deea: Pull complete
fc3987a82b4c: Pull complete
c75f139e0836: Pull complete
4acc9c8680b4: Pull complete
fb02df30d947: Pull complete
ae725ef3d2ce: Pull complete
e30f54ed6b43: Pull complete
bca9e535ddb8: Pull complete
9c3edad81b2a: Pull complete
6dbcf78fe5ae: Pull complete
Digest: sha256:7a1406bfc05547b33a3b7b112eda6346f42ea93ee06b74d30c4c47dfeca0d5f2
Status: Downloaded newer image for mongo:latest
 ---> a0e2e64ac939
Step 2/2 : CMD ["mongod"]
 ---> Running in 595f4ce0d327
Removing intermediate container 595f4ce0d327
 ---> c2871ad25c86
Successfully built c2871ad25c86
Successfully tagged yuchan0315/mymongdb:latest
SECURITY WARNING: You are building a Docker image from Windows against a non-Windows Docker host. All files and directories added to build context will have '-rwxr-xr-x' permissions. It is recommended to double check and reset permissions for sensitive files and directories.

## 정상적으로 작동되는 걸 확인했다.
```

(3) mongo 실행 후 추후 작업 완료

```powershell
PS C:\Users\HPE\docker\day02\mongo> docker exec -it 6f69b86243c6 bash
root@6f69b86243c6:/# mongod
2020-01-08T08:08:20.642+0000 I  CONTROL  [main] Automatically disabling TLS 1.0, to force-enable TLS 1.0 specify --sslDisabledProtocols 'none'
2020-01-08T08:08:20.645+0000 I  CONTROL  [initandlisten] MongoDB starting : pid=76 port=27017 dbpath=/data/db 64-bit host=6f69b86243c6
2020-01-08T08:08:20.645+0000 I  CONTROL  [initandlisten] db version v4.2.2
2020-01-08T08:08:20.645+0000 I  CONTROL  [initandlisten] git version: a0bbbff6ada159e19298d37946ac8dc4b497eadf
2020-01-08T08:08:20.645+0000 I  CONTROL  [initandlisten] OpenSSL version: OpenSSL 1.1.1  11 Sep 2018
2020-01-08T08:08:20.645+0000 I  CONTROL  [initandlisten] allocator: tcmalloc
2020-01-08T08:08:20.645+0000 I  CONTROL  [initandlisten] modules: none
2020-01-08T08:08:20.645+0000 I  CONTROL  [initandlisten] build environment:
2020-01-08T08:08:20.645+0000 I  CONTROL  [initandlisten]     distmod: ubuntu1804
2020-01-08T08:08:20.645+0000 I  CONTROL  [initandlisten]     distarch: x86_64
2020-01-08T08:08:20.645+0000 I  CONTROL  [initandlisten]     target_arch: x86_64
2020-01-08T08:08:20.645+0000 I  CONTROL  [initandlisten] options: {}
2020-01-08T08:08:20.646+0000 E  STORAGE  [initandlisten] Failed to set up listener: SocketException: Address already in use
2020-01-08T08:08:20.646+0000 I  CONTROL  [initandlisten] now exiting
2020-01-08T08:08:20.646+0000 I  CONTROL  [initandlisten] shutting down with code:48
root@6f69b86243c6:/# mongo
MongoDB shell version v4.2.2
connecting to: mongodb://127.0.0.1:27017/?compressors=disabled&gssapiServiceName=mongodb
Implicit session: session { "id" : UUID("388237c6-d8b6-4577-ad1d-7c1264903ae2") }
MongoDB server version: 4.2.2
Welcome to the MongoDB shell.
For interactive help, type "help".
For more comprehensive documentation, see
        http://docs.mongodb.org/
Questions? Try the support group
        http://groups.google.com/group/mongodb-user
Server has startup warnings:
2020-01-08T07:55:59.508+0000 I  STORAGE  [initandlisten]
2020-01-08T07:55:59.508+0000 I  STORAGE  [initandlisten] ** WARNING: Using the XFS filesystem is strongly recommended with the WiredTiger storage engine
2020-01-08T07:55:59.508+0000 I  STORAGE  [initandlisten] **          See http://dochub.mongodb.org/core/prodnotes-filesystem
2020-01-08T07:56:01.309+0000 I  CONTROL  [initandlisten]
2020-01-08T07:56:01.309+0000 I  CONTROL  [initandlisten] ** WARNING: Access control is not enabled for the database.
2020-01-08T07:56:01.309+0000 I  CONTROL  [initandlisten] **          Read and write access to data and configuration is unrestricted.
2020-01-08T07:56:01.309+0000 I  CONTROL  [initandlisten]
---
Enable MongoDB's free cloud-based monitoring service, which will then receive and display
metrics about your deployment (disk utilization, CPU, operation statistics, etc).

The monitoring data will be available on a MongoDB website with a unique URL accessible to you
and anyone you share the URL with. MongoDB may use this information to make product
improvements and to suggest MongoDB products and deployment options to you.

To enable free monitoring, run the following command: db.enableFreeMonitoring()
To permanently disable this reminder, run the following command: db.disableFreeMonitoring()
---

>
```







```powershell
목표 
1. Mongodb 3대 설치 (primary 1대 , secondary 2대)
2. replica set
	ex) mongod --replSet myapp --dbpath /폴더지정 --port 27017 --bind_ip_all
```

(1) Dockerfile 작성

```dockerfile
FROM mongo
#RUN 
CMD ["mongod"]
```

(2)

``` powershell
PS C:\Users\HPE\docker\day02\mongo> docker run -d -p 27017:27017 --name mymongo1 yuchan0315/mymongdb
e3845e8aa9027fd95e257e29e4aaba142aef5fab5b01b895013f101aba7f8ac8
PS C:\Users\HPE\docker\day02\mongo> docker ps -a
CONTAINER ID        IMAGE                 COMMAND                  CREATED             STATUS              PORTS                      NAMES
e3845e8aa902        yuchan0315/mymongdb   "docker-entrypoint.s…"   4 seconds ago       Up 2 seconds        0.0.0.0:27017->27017/tcp   mymongo1
PS C:\Users\HPE\docker\day02\mongo> docker exec -it mymongo1 mongo
MongoDB shell version v4.2.2
connecting to: mongodb://127.0.0.1:27017/?compressors=disabled&gssapiServiceName=mongodb
Implicit session: session { "id" : UUID("47d44157-c901-418d-a8fe-d9ba255babdc") }
MongoDB server version: 4.2.2
Welcome to the MongoDB shell.
For interactive help, type "help".
For more comprehensive documentation, see
        http://docs.mongodb.org/
Questions? Try the support group
        http://groups.google.com/group/mongodb-user
Server has startup warnings:
2020-01-08T08:28:09.780+0000 I  STORAGE  [initandlisten]
2020-01-08T08:28:09.781+0000 I  STORAGE  [initandlisten] ** WARNING: Using the XFS filesystem is strongly recommended with the WiredTiger storage engine
2020-01-08T08:28:09.781+0000 I  STORAGE  [initandlisten] **          See http://dochub.mongodb.org/core/prodnotes-filesystem
2020-01-08T08:28:11.673+0000 I  CONTROL  [initandlisten]
2020-01-08T08:28:11.673+0000 I  CONTROL  [initandlisten] ** WARNING: Access control is not enabled for the database.
2020-01-08T08:28:11.673+0000 I  CONTROL  [initandlisten] **          Read and write access to data and configuration is unrestricted.
2020-01-08T08:28:11.673+0000 I  CONTROL  [initandlisten]
---
Enable MongoDB's free cloud-based monitoring service, which will then receive and display
metrics about your deployment (disk utilization, CPU, operation statistics, etc).

The monitoring data will be available on a MongoDB website with a unique URL accessible to you
and anyone you share the URL with. MongoDB may use this information to make product
improvements and to suggest MongoDB products and deployment options to you.

To enable free monitoring, run the following command: db.enableFreeMonitoring()
To permanently disable this reminder, run the following command: db.disableFreeMonitoring()
---

> rs.initiate()
{
        "ok" : 0,
        "errmsg" : "This node was not started with the replSet option",
        "code" : 76,
        "codeName" : "NoReplicationEnabled"
}
>
```

(3) dockerfile 수정 후 재작업

```dockerfile
FROM mongo
#RUN 
CMD ["mongod", "--dbpath","/data","--replSet","myapp"]
```

dockerfile 생성 후 build 및 run

```powershell
PS C:\Users\HPE\docker\day02\mongo> docker image build -t mongo/mongodb:latest .
Sending build context to Docker daemon  2.048kB
Step 1/2 : FROM mongo
 ---> a0e2e64ac939
Step 2/2 : CMD ["mongod", "--dbpath","/data","--replSet","myapp"]
 ---> Running in 7350f2e1ad8a
Removing intermediate container 7350f2e1ad8a
 ---> e4e78665ca8f
Successfully built e4e78665ca8f
Successfully tagged mongo/mongodb:latest
SECURITY WARNING: You are building a Docker image from Windows against a non-Windows Docker host. All files and directories added to build context will have '-rwxr-xr-x' permissions. It is recommended to double check and reset permissions for sensitive files and directories.
PS C:\Users\HPE\docker\day02\mongo> docker images
REPOSITORY          TAG                 IMAGE ID            CREATED             SIZE
mongo/mongodb       latest              e4e78665ca8f        5 seconds ago       364MB
mysql               5.7                 db39680b63ac        10 days ago         437MB
busybox             latest              6d5fcfe5ff17        12 days ago         1.22MB
node                alpine              e1495e4ac50d        2 weeks ago         111MB
mongo               latest              a0e2e64ac939        2 weeks ago         364MB
gihyodocker/echo    latest              3dbbae6eb30d        2 years ago         733MB
PS C:\Users\HPE\docker\day02\mongo> docker rmi e4e78665ca8f
Untagged: mongo/mongodb:latest
Deleted: sha256:e4e78665ca8f34f62a63e7a223b494e6ac06eee967545ff8ce5ea85d836eb231
PS C:\Users\HPE\docker\day02\mongo> docker build -t yuchan0315/mymongo:latest .
Sending build context to Docker daemon  2.048kB
Step 1/2 : FROM mongo
 ---> a0e2e64ac939
Step 2/2 : CMD ["mongod", "--dbpath","/data","--replSet","myapp"]
 ---> Running in 43ad862be70e
Removing intermediate container 43ad862be70e
 ---> 849907cfc098
Successfully built 849907cfc098
Successfully tagged yuchan0315/mymongo:latest
SECURITY WARNING: You are building a Docker image from Windows against a non-Windows Docker host. All files and directories added to build context will have '-rwxr-xr-x' permissions. It is recommended to double check and reset permissions for sensitive files and directories.
PS C:\Users\HPE\docker\day02\mongo> docker ps -a
CONTAINER ID        IMAGE               COMMAND             CREATED             STATUS              PORTS               NAMES
PS C:\Users\HPE\docker\day02\mongo> docker run -p 27017:27017 yuchan0315/mymongo:latest
2020-01-08T08:38:20.592+0000 I  CONTROL  [main] Automatically disabling TLS 1.0, to force-enable TLS 1.0 specify --sslDisabledProtocols 'none'
2020-01-08T08:38:20.596+0000 I  CONTROL  [initandlisten] MongoDB starting : pid=1 port=27017 dbpath=/data 64-bit host=2b643244e9ae
2020-01-08T08:38:20.596+0000 I  CONTROL  [initandlisten] db version v4.2.2
2020-01-08T08:38:20.596+0000 I  CONTROL  [initandlisten] git version: a0bbbff6ada159e19298d37946ac8dc4b497eadf
2020-01-08T08:38:20.596+0000 I  CONTROL  [initandlisten] OpenSSL version: OpenSSL 1.1.1  11 Sep 2018
2020-01-08T08:38:20.596+0000 I  CONTROL  [initandlisten] allocator: tcmalloc
2020-01-08T08:38:20.596+0000 I  CONTROL  [initandlisten] modules: none
2020-01-08T08:38:20.596+0000 I  CONTROL  [initandlisten] build environment:
2020-01-08T08:38:20.596+0000 I  CONTROL  [initandlisten]     distmod: ubuntu1804
2020-01-08T08:38:20.596+0000 I  CONTROL  [initandlisten]     distarch: x86_64
2020-01-08T08:38:20.596+0000 I  CONTROL  [initandlisten]     target_arch: x86_64
2020-01-08T08:38:20.596+0000 I  CONTROL  [initandlisten] options: { net: { bindIp: "*" }, replication: { replSet: "myapp" }, storage: { dbPath: "/data" } }
2020-01-08T08:38:20.597+0000 I  STORAGE  [initandlisten] exception in initAndListen: IllegalOperation: Attempted to create a lock file on a read-only directory: /data, terminating
2020-01-08T08:38:20.597+0000 I  NETWORK  [initandlisten] shutdown: going to close listening sockets...
2020-01-08T08:38:20.597+0000 I  NETWORK  [initandlisten] removing socket file: /tmp/mongodb-27017.sock
2020-01-08T08:38:20.597+0000 I  -        [initandlisten] Stopping further Flow Control ticket acquisitions.
2020-01-08T08:38:20.597+0000 I  CONTROL  [initandlisten] now exiting
2020-01-08T08:38:20.597+0000 I  CONTROL  [initandlisten] shutting down with code:100

## Error : "/data", "--dbpath" 문제 발생

```

(4) Error 해결을 위해 dockerfile 수정

```dockerfile
FROM mongo
#RUN 
CMD ["mongod","--replSet","myapp"]
```

(5) 수정 후 재 build, run

``` powershell
PS C:\Users\HPE\docker\day02\mongo> docker build -t yuchan0315/mymongo:latest .
Sending build context to Docker daemon  2.048kB
Step 1/2 : FROM mongo
 ---> a0e2e64ac939
Step 2/2 : CMD ["mongod","--replSet","myapp"]
 ---> Running in 24c6e0dcbc39
Removing intermediate container 24c6e0dcbc39
 ---> b44b43b5a306
Successfully built b44b43b5a306
Successfully tagged yuchan0315/mymongo:latest
SECURITY WARNING: You are building a Docker image from Windows against a non-Windows Docker host. All files and directories added to build context will have '-rwxr-xr-x' permissions. It is recommended to double check and reset permissions for sensitive files and directories.
PS C:\Users\HPE\docker\day02\mongo> docker run -p 27017:27017 yuchan0315/mymongo:latest
2020-01-08T08:41:17.058+0000 I  CONTROL  [main] Automatically disabling TLS 1.0, to force-enable TLS 1.0 specify --sslDisabledProtocols 'none'
이하 생략
```



(6) mongodb 에서 rs.initiate 작업

```powershell
> rs.initiate();
{
        "info2" : "no configuration specified. Using a default configuration for the set",
        "me" : "46d2f8a1e929:27017",
        "ok" : 1,
        "$clusterTime" : {
                "clusterTime" : Timestamp(1578472929, 1),
                "signature" : {
                        "hash" : BinData(0,"AAAAAAAAAAAAAAAAAAAAAAAAAAA="),
                        "keyId" : NumberLong(0)
                }
        },
        "operationTime" : Timestamp(1578472929, 1)
}
myapp:SECONDARY>
```





